
 Start  Stop   Length Name               Class

 00000H 07656H 07657H _TEXT              CODE
 07660H 0B2B9H 03C5AH _BGI_TEXT          CODE
 0B2C0H 0DA36H 02777H EMU_PROG           CODE
 0DA40H 0E007H 005C8H E87_PROG           CODE
 0E010H 0E010H 00000H _FARDATA           FAR_DATA
 0E010H 0E010H 00000H _FARBSS            FAR_BSS
 0E010H 0E010H 00000H _OVERLAY_          OVRINFO
 0E010H 0E010H 00000H _1STUB_            STUBSEG
 0E010H 10FB9H 02FAAH _DATA              DATA
 10FBAH 10FBDH 00004H _CVTSEG            DATA
 10FBEH 10FC9H 0000CH _SCNSEG            DATA
 10FCAH 10FCAH 00000H GRAPH              DATA
 10FCAH 10FCAH 00000H _CONST             CONST
 10FCAH 10FE1H 00018H _INIT_             INITDATA
 10FE2H 10FE2H 00000H _INITEND_          INITDATA
 10FE2H 10FE7H 00006H _EXIT_             EXITDATA
 10FE8H 10FE8H 00000H _EXITEND_          EXITDATA
 10FE8H 11041H 0005AH _BSS               BSS
 11042H 11042H 00000H _BSSEND            BSSEND
 11050H 110CFH 00080H _STACK             STACK

Program entry point at 0000:0000

