
 Start  Stop   Length Name               Class

 00000H 057BBH 057BCH _TEXT              CODE
 057C0H 09419H 03C5AH _BGI_TEXT          CODE
 09420H 0BB96H 02777H EMU_PROG           CODE
 0BBA0H 0C167H 005C8H E87_PROG           CODE
 0C170H 0C170H 00000H _FARDATA           FAR_DATA
 0C170H 0C170H 00000H _FARBSS            FAR_BSS
 0C170H 0C170H 00000H _OVERLAY_          OVRINFO
 0C170H 0C170H 00000H _1STUB_            STUBSEG
 0C170H 0D12DH 00FBEH _DATA              DATA
 0D12EH 0D131H 00004H _CVTSEG            DATA
 0D132H 0D137H 00006H _SCNSEG            DATA
 0D138H 0D138H 00000H GRAPH              DATA
 0D138H 0D138H 00000H _CONST             CONST
 0D138H 0D15BH 00024H _INIT_             INITDATA
 0D15CH 0D15CH 00000H _INITEND_          INITDATA
 0D15CH 0D161H 00006H _EXIT_             EXITDATA
 0D162H 0D162H 00000H _EXITEND_          EXITDATA
 0D162H 0D1ADH 0004CH _BSS               BSS
 0D1AEH 0D1AEH 00000H _BSSEND            BSSEND
 0D1B0H 0D22FH 00080H _STACK             STACK

Program entry point at 0000:0000

