
 Start  Stop   Length Name               Class

 00000H 06C73H 06C74H _TEXT              CODE
 06C80H 0A8D9H 03C5AH _BGI_TEXT          CODE
 0A8E0H 0D056H 02777H EMU_PROG           CODE
 0D060H 0D627H 005C8H E87_PROG           CODE
 0D630H 0D630H 00000H _FARDATA           FAR_DATA
 0D630H 0D630H 00000H _FARBSS            FAR_BSS
 0D630H 0D630H 00000H _OVERLAY_          OVRINFO
 0D630H 0D630H 00000H _1STUB_            STUBSEG
 0D630H 0E7FBH 011CCH _DATA              DATA
 0E7FCH 0E7FFH 00004H _CVTSEG            DATA
 0E800H 0E805H 00006H _SCNSEG            DATA
 0E806H 0E806H 00000H GRAPH              DATA
 0E806H 0E806H 00000H _CONST             CONST
 0E806H 0E829H 00024H _INIT_             INITDATA
 0E82AH 0E82AH 00000H _INITEND_          INITDATA
 0E82AH 0E82FH 00006H _EXIT_             EXITDATA
 0E830H 0E830H 00000H _EXITEND_          EXITDATA
 0E830H 0E8EBH 000BCH _BSS               BSS
 0E8ECH 0E8ECH 00000H _BSSEND            BSSEND
 0E8F0H 0E96FH 00080H _STACK             STACK

Program entry point at 0000:0000

