
 Start  Stop   Length Name               Class

 00000H 08D6DH 08D6EH _TEXT              CODE
 08D70H 0C9C9H 03C5AH _BGI_TEXT          CODE
 0C9D0H 0F146H 02777H EMU_PROG           CODE
 0F150H 0F717H 005C8H E87_PROG           CODE
 0F720H 0F720H 00000H _FARDATA           FAR_DATA
 0F720H 0F720H 00000H _FARBSS            FAR_BSS
 0F720H 0F720H 00000H _OVERLAY_          OVRINFO
 0F720H 0F720H 00000H _1STUB_            STUBSEG
 0F720H 10D7BH 0165CH _DATA              DATA
 10D7CH 10D7FH 00004H _CVTSEG            DATA
 10D80H 10D85H 00006H _SCNSEG            DATA
 10D86H 10D86H 00000H GRAPH              DATA
 10D86H 10D86H 00000H _CONST             CONST
 10D86H 10DA9H 00024H _INIT_             INITDATA
 10DAAH 10DAAH 00000H _INITEND_          INITDATA
 10DAAH 10DAFH 00006H _EXIT_             EXITDATA
 10DB0H 10DB0H 00000H _EXITEND_          EXITDATA
 10DB0H 10E6BH 000BCH _BSS               BSS
 10E6CH 10E6CH 00000H _BSSEND            BSSEND
 10E70H 10EEFH 00080H _STACK             STACK

Program entry point at 0000:0000

