
 Start  Stop   Length Name               Class

 00000H 0AA38H 0AA39H _TEXT              CODE
 0AA40H 0E699H 03C5AH _BGI_TEXT          CODE
 0E6A0H 10E16H 02777H EMU_PROG           CODE
 10E20H 113E7H 005C8H E87_PROG           CODE
 113F0H 113F0H 00000H _FARDATA           FAR_DATA
 113F0H 113F0H 00000H _FARBSS            FAR_BSS
 113F0H 113F0H 00000H _OVERLAY_          OVRINFO
 113F0H 113F0H 00000H _1STUB_            STUBSEG
 113F0H 12AB9H 016CAH _DATA              DATA
 12ABAH 12ABDH 00004H _CVTSEG            DATA
 12ABEH 12AC9H 0000CH _SCNSEG            DATA
 12ACAH 12ACAH 00000H GRAPH              DATA
 12ACAH 12ACAH 00000H _CONST             CONST
 12ACAH 12AEDH 00024H _INIT_             INITDATA
 12AEEH 12AEEH 00000H _INITEND_          INITDATA
 12AEEH 12AFFH 00012H _EXIT_             EXITDATA
 12B00H 12B00H 00000H _EXITEND_          EXITDATA
 12B00H 12E13H 00314H _BSS               BSS
 12E14H 12E14H 00000H _BSSEND            BSSEND
 12E20H 12E9FH 00080H _STACK             STACK

Program entry point at 0000:0000

