
 Start  Stop   Length Name               Class

 00000H 03A07H 03A08H _TEXT              CODE
 03A10H 07669H 03C5AH _BGI_TEXT          CODE
 07670H 09DE6H 02777H EMU_PROG           CODE
 09DF0H 0A3B7H 005C8H E87_PROG           CODE
 0A3C0H 0A3C0H 00000H _FARDATA           FAR_DATA
 0A3C0H 0A3C0H 00000H _FARBSS            FAR_BSS
 0A3C0H 0A3C0H 00000H _OVERLAY_          OVRINFO
 0A3C0H 0A3C0H 00000H _1STUB_            STUBSEG
 0A3C0H 0B32BH 00F6CH _DATA              DATA
 0B32CH 0B32FH 00004H _CVTSEG            DATA
 0B330H 0B33BH 0000CH _SCNSEG            DATA
 0B33CH 0B33CH 00000H GRAPH              DATA
 0B33CH 0B33CH 00000H _CONST             CONST
 0B33CH 0B353H 00018H _INIT_             INITDATA
 0B354H 0B354H 00000H _INITEND_          INITDATA
 0B354H 0B359H 00006H _EXIT_             EXITDATA
 0B35AH 0B35AH 00000H _EXITEND_          EXITDATA
 0B35AH 0B39DH 00044H _BSS               BSS
 0B39EH 0B39EH 00000H _BSSEND            BSSEND
 0B3A0H 0B41FH 00080H _STACK             STACK

Program entry point at 0000:0000

