
 Start  Stop   Length Name               Class

 00000H 032DCH 032DDH _TEXT              CODE
 032E0H 06F39H 03C5AH _BGI_TEXT          CODE
 06F40H 096B6H 02777H EMU_PROG           CODE
 096C0H 09C87H 005C8H E87_PROG           CODE
 09C90H 09C90H 00000H _FARDATA           FAR_DATA
 09C90H 09C90H 00000H _FARBSS            FAR_BSS
 09C90H 09C90H 00000H _OVERLAY_          OVRINFO
 09C90H 09C90H 00000H _1STUB_            STUBSEG
 09C90H 0ABBBH 00F2CH _DATA              DATA
 0ABBCH 0ABBFH 00004H _CVTSEG            DATA
 0ABC0H 0ABC5H 00006H _SCNSEG            DATA
 0ABC6H 0ABC6H 00000H GRAPH              DATA
 0ABC6H 0ABC6H 00000H _CONST             CONST
 0ABC6H 0ABDDH 00018H _INIT_             INITDATA
 0ABDEH 0ABDEH 00000H _INITEND_          INITDATA
 0ABDEH 0ABE3H 00006H _EXIT_             EXITDATA
 0ABE4H 0ABE4H 00000H _EXITEND_          EXITDATA
 0ABE4H 0AC27H 00044H _BSS               BSS
 0AC28H 0AC28H 00000H _BSSEND            BSSEND
 0AC30H 0ACAFH 00080H _STACK             STACK

Program entry point at 0000:0000

