
 Start  Stop   Length Name               Class

 00000H 0391BH 0391CH _TEXT              CODE
 03920H 07579H 03C5AH _BGI_TEXT          CODE
 07580H 09CF6H 02777H EMU_PROG           CODE
 09D00H 0A2C7H 005C8H E87_PROG           CODE
 0A2D0H 0A2D0H 00000H _FARDATA           FAR_DATA
 0A2D0H 0A2D0H 00000H _FARBSS            FAR_BSS
 0A2D0H 0A2D0H 00000H _OVERLAY_          OVRINFO
 0A2D0H 0A2D0H 00000H _1STUB_            STUBSEG
 0A2D0H 0B1ABH 00EDCH _DATA              DATA
 0B1ACH 0B1AFH 00004H _CVTSEG            DATA
 0B1B0H 0B1BBH 0000CH _SCNSEG            DATA
 0B1BCH 0B1BCH 00000H GRAPH              DATA
 0B1BCH 0B1BCH 00000H _CONST             CONST
 0B1BCH 0B1D3H 00018H _INIT_             INITDATA
 0B1D4H 0B1D4H 00000H _INITEND_          INITDATA
 0B1D4H 0B1D9H 00006H _EXIT_             EXITDATA
 0B1DAH 0B1DAH 00000H _EXITEND_          EXITDATA
 0B1DAH 0B21DH 00044H _BSS               BSS
 0B21EH 0B21EH 00000H _BSSEND            BSSEND
 0B220H 0B29FH 00080H _STACK             STACK

Program entry point at 0000:0000

