
 Start  Stop   Length Name               Class

 00000H 0A9C5H 0A9C6H _TEXT              CODE
 0A9D0H 0E629H 03C5AH _BGI_TEXT          CODE
 0E630H 10DA6H 02777H EMU_PROG           CODE
 10DB0H 11377H 005C8H E87_PROG           CODE
 11380H 11380H 00000H _FARDATA           FAR_DATA
 11380H 11380H 00000H _FARBSS            FAR_BSS
 11380H 11380H 00000H _OVERLAY_          OVRINFO
 11380H 11380H 00000H _1STUB_            STUBSEG
 11380H 12A39H 016BAH _DATA              DATA
 12A3AH 12A3DH 00004H _CVTSEG            DATA
 12A3EH 12A49H 0000CH _SCNSEG            DATA
 12A4AH 12A4AH 00000H GRAPH              DATA
 12A4AH 12A4AH 00000H _CONST             CONST
 12A4AH 12A6DH 00024H _INIT_             INITDATA
 12A6EH 12A6EH 00000H _INITEND_          INITDATA
 12A6EH 12A7FH 00012H _EXIT_             EXITDATA
 12A80H 12A80H 00000H _EXITEND_          EXITDATA
 12A80H 12D93H 00314H _BSS               BSS
 12D94H 12D94H 00000H _BSSEND            BSSEND
 12DA0H 12E1FH 00080H _STACK             STACK

Program entry point at 0000:0000

