
 Start  Stop   Length Name               Class

 00000H 03B3FH 03B40H _TEXT              CODE
 03B40H 07799H 03C5AH _BGI_TEXT          CODE
 077A0H 09F16H 02777H EMU_PROG           CODE
 09F20H 0A4E7H 005C8H E87_PROG           CODE
 0A4F0H 0A4F0H 00000H _FARDATA           FAR_DATA
 0A4F0H 0A4F0H 00000H _FARBSS            FAR_BSS
 0A4F0H 0A4F0H 00000H _OVERLAY_          OVRINFO
 0A4F0H 0A4F0H 00000H _1STUB_            STUBSEG
 0A4F0H 0B44BH 00F5CH _DATA              DATA
 0B44CH 0B44FH 00004H _CVTSEG            DATA
 0B450H 0B455H 00006H _SCNSEG            DATA
 0B456H 0B456H 00000H GRAPH              DATA
 0B456H 0B456H 00000H _CONST             CONST
 0B456H 0B46DH 00018H _INIT_             INITDATA
 0B46EH 0B46EH 00000H _INITEND_          INITDATA
 0B46EH 0B473H 00006H _EXIT_             EXITDATA
 0B474H 0B474H 00000H _EXITEND_          EXITDATA
 0B474H 0B4B7H 00044H _BSS               BSS
 0B4B8H 0B4B8H 00000H _BSSEND            BSSEND
 0B4C0H 0B53FH 00080H _STACK             STACK

Program entry point at 0000:0000

